2024-09-11T02:20:50.829Z [info]: IP: Localhost - Country: 알 수 없음 - Method: GET - URL: /login
2024-09-11T02:20:54.491Z [info]: IP: Localhost - Country: 알 수 없음 - Method: GET - URL: /login
2024-09-11T02:20:57.038Z [info]: IP: Localhost - Country: 알 수 없음 - Method: GET - URL: /login?
2024-09-11T02:21:03.702Z [info]: IP: Localhost - Country: 알 수 없음 - Method: GET - URL: /login?
2024-09-11T02:21:06.965Z [info]: IP: Localhost - Country: 알 수 없음 - Method: GET - URL: /login?
2024-09-11T02:24:00.931Z [info]: IP: Localhost - Country: 알 수 없음 - Method: GET - URL: /login?
2024-09-11T03:39:39.021Z [info]: IP: Localhost - Country: 알 수 없음 - Method: GET - URL: /login
2024-09-11T04:21:43.102Z [info]: IP: 221.154.192.39, 10.1.20.239 - Country: 알 수 없음 - Method: GET - URL: /login
2024-09-11T04:22:31.351Z [info]: IP: 211.231.103.94, 10.1.21.240 - Country: 알 수 없음 - Method: GET - URL: /login
2024-09-11T04:22:39.102Z [info]: IP: 118.235.29.135, 10.1.21.240 - Country: 알 수 없음 - Method: GET - URL: /login
2024-09-11T04:22:50.793Z [info]: IP: 118.235.29.135, 10.1.21.16 - Country: 알 수 없음 - Method: GET - URL: /login
2024-09-11T04:49:52.302Z [info]: IP: 221.154.192.39, 10.1.20.90 - Country: 알 수 없음 - Method: GET - URL: /login
2024-09-11T05:04:47.057Z [info]: IP: 221.154.192.39, 10.1.20.239 - Country: 알 수 없음 - Method: GET - URL: /login
2024-09-11T05:04:53.173Z [info]: IP: 221.154.192.39, 10.1.20.239 - Country: 알 수 없음 - 로그인 실패: 잘못된 비밀번호 - Username: wtrdd
2024-09-11T05:04:53.917Z [info]: IP: 221.154.192.39, 10.1.20.239 - Country: 알 수 없음 - 로그인 실패: 잘못된 비밀번호 - Username: wtrdd
2024-09-11T05:04:54.075Z [info]: IP: 221.154.192.39, 10.1.20.239 - Country: 알 수 없음 - 로그인 실패: 잘못된 비밀번호 - Username: wtrdd
2024-09-11T05:04:54.274Z [info]: IP: 221.154.192.39, 10.1.20.239 - Country: 알 수 없음 - 로그인 실패: 잘못된 비밀번호 - Username: wtrdd
2024-09-11T05:04:54.389Z [info]: IP: 221.154.192.39, 10.1.20.239 - Country: 알 수 없음 - 로그인 실패: 잘못된 비밀번호 - Username: wtrdd
2024-09-11T05:04:54.575Z [info]: IP: 221.154.192.39, 10.1.20.239 - Country: 알 수 없음 - 로그인 실패: 잘못된 비밀번호 - Username: wtrdd
2024-09-11T05:04:54.714Z [info]: IP: 221.154.192.39, 10.1.20.239 - Country: 알 수 없음 - 로그인 실패: 잘못된 비밀번호 - Username: wtrdd
2024-09-11T05:04:54.867Z [info]: IP: 221.154.192.39, 10.1.20.239 - Country: 알 수 없음 - 로그인 실패: 잘못된 비밀번호 - Username: wtrdd
2024-09-11T05:04:54.981Z [info]: IP: 221.154.192.39, 10.1.20.239 - Country: 알 수 없음 - 로그인 실패: 잘못된 비밀번호 - Username: wtrdd
2024-09-11T05:06:09.695Z [info]: IP: 221.154.192.39, 10.1.20.142 - Country: 알 수 없음 - Method: GET - URL: /login
2024-09-11T05:06:17.890Z [info]: IP: 221.154.192.39, 10.1.20.142 - Country: 알 수 없음 - 로그인 성공 - Username: wxcve123
2024-09-11T07:28:17.936Z [info]: IP: 221.154.192.39, 10.1.20.239 - Country: 알 수 없음 - Method: GET - URL: /login
2024-09-11T07:46:21.793Z [info]: IP: 221.154.192.39, 10.1.20.142 - Country: 알 수 없음 - Method: GET - URL: /login
2024-09-11T08:03:54.875Z [info]: IP: 221.154.192.39, 10.1.21.240 - Country: 알 수 없음 - Method: GET - URL: /login
2024-09-11T09:34:43.700Z [info]: IP: 221.154.192.39, 10.1.20.90 - Country: 알 수 없음 - Method: GET - URL: /login
2024-09-11T09:46:10.824Z [info]: IP: 221.154.192.39, 10.1.21.16 - Country: 알 수 없음 - Method: GET - URL: /login
2024-09-11T09:46:17.824Z [info]: IP: 221.154.192.39, 10.1.21.240 - Country: 알 수 없음 - 로그인 실패: 잘못된 비밀번호 - Username: wtrdd
2024-09-11T09:46:56.980Z [info]: IP: 221.154.192.39, 10.1.21.240 - Country: 알 수 없음 - Method: GET - URL: /login
2024-09-11T09:47:03.439Z [info]: IP: 221.154.192.39, 10.1.21.240 - Country: 알 수 없음 - 로그인 성공 - Username: wxcve123 - Token: eyJhbGciOiJIUzI1NiIsInR5cCI6IkpXVCJ9.eyJ1c2VySWQiOjIsInVzZXJuYW1lIjoid3hjdmUxMjMiLCJpYXQiOjE3MjYwNDgwMjMsImV4cCI6MTcyNjA1MTYyM30.0DYWlDN4DJ5pY3AQDH-7RNjQaQHZqKjVa6UcaSTusLI
2024-09-11T09:47:34.452Z [info]: IP: 221.154.192.39, 10.1.21.240 - Country: 알 수 없음 - 로그인 성공 - Username: wxcve123 - Token: eyJhbGciOiJIUzI1NiIsInR5cCI6IkpXVCJ9.eyJ1c2VySWQiOjIsInVzZXJuYW1lIjoid3hjdmUxMjMiLCJpYXQiOjE3MjYwNDgwNTQsImV4cCI6MTcyNjA1MTY1NH0.RBjeLfH4ElLARAxZeQCU1KIChA1zbIYSPMLm22ULPNk
2024-09-11T09:47:37.508Z [info]: IP: 221.154.192.39, 10.1.21.240 - Country: 알 수 없음 - Method: GET - URL: /login
2024-09-11T09:47:48.030Z [info]: IP: 221.154.192.39, 10.1.21.240 - Country: 알 수 없음 - 로그인 성공 - Username: wxcve123 - Token: eyJhbGciOiJIUzI1NiIsInR5cCI6IkpXVCJ9.eyJ1c2VySWQiOjIsInVzZXJuYW1lIjoid3hjdmUxMjMiLCJpYXQiOjE3MjYwNDgwNjgsImV4cCI6MTcyNjA1MTY2OH0.nBeBaeWhz9Lw5kglKSnOyTdD3pNsrIEOFWyHhdVgBOU
2024-09-11T10:00:02.323Z [info]: IP: 221.154.192.39, 10.1.21.240 - Country: 알 수 없음 - Method: GET - URL: /login
2024-09-11T10:00:16.029Z [info]: IP: 221.154.192.39, 10.1.21.240 - Country: 알 수 없음 - 로그인 성공 - Username: wxcve123 - Token: eyJhbGciOiJIUzI1NiIsInR5cCI6IkpXVCJ9.eyJ1c2VySWQiOjIsInVzZXJuYW1lIjoid3hjdmUxMjMiLCJpYXQiOjE3MjYwNDg4MTYsImV4cCI6MTcyNjA1MjQxNn0.hMoIB_bsfE2Pfkikq9El6C8AMQS0Ki8ABScSrJEho1o
2024-09-11T10:12:23.914Z [info]: IP: 221.154.192.39, 10.1.20.202 - Country: 알 수 없음 - Method: GET - URL: /login
2024-09-11T10:13:25.607Z [info]: IP: 221.154.192.39, 10.1.20.239 - Country: 알 수 없음 - Method: GET - URL: /login
2024-09-11T10:13:26.778Z [info]: IP: 221.154.192.39, 10.1.20.239 - Country: 알 수 없음 - Method: GET - URL: /login
2024-09-11T10:13:27.008Z [info]: IP: 221.154.192.39, 10.1.20.202 - Country: 알 수 없음 - Method: GET - URL: /login
2024-09-11T10:13:36.188Z [info]: IP: 221.154.192.39, 10.1.20.239 - Country: 알 수 없음 - Method: GET - URL: /login
2024-09-11T10:13:36.376Z [info]: IP: 221.154.192.39, 10.1.20.202 - Country: 알 수 없음 - Method: GET - URL: /login
2024-09-11T10:13:36.591Z [info]: IP: 221.154.192.39, 10.1.20.202 - Country: 알 수 없음 - Method: GET - URL: /login
2024-09-11T10:14:10.433Z [info]: IP: 221.154.192.39, 10.1.20.239 - Country: 알 수 없음 - 로그인 성공 - Username: wxcve123 - Token: eyJhbGciOiJIUzI1NiIsInR5cCI6IkpXVCJ9.eyJ1c2VySWQiOjIsInVzZXJuYW1lIjoid3hjdmUxMjMiLCJpYXQiOjE3MjYwNDk2NTAsImV4cCI6MTcyNjA1MzI1MH0.Omw756qp3coay6B_rtprDwiGsUEZvDFZEdJ7QgPtrTo
2024-09-19T05:04:59.791Z [info]: IP: Localhost - Country: 알 수 없음 - Method: GET - URL: /login
2024-09-19T05:06:37.022Z [info]: IP: Localhost - Country: 알 수 없음 - Method: GET - URL: /login
2024-09-19T05:06:37.152Z [info]: IP: Localhost - Country: 알 수 없음 - Method: GET - URL: /login
2024-09-19T05:06:55.680Z [info]: IP: Localhost - Country: 알 수 없음 - Method: GET - URL: /login
2024-09-19T05:06:55.861Z [info]: IP: Localhost - Country: 알 수 없음 - Method: GET - URL: /login
2024-09-19T05:06:55.995Z [info]: IP: Localhost - Country: 알 수 없음 - Method: GET - URL: /login
2024-09-19T05:13:28.493Z [info]: IP: Localhost - Country: 알 수 없음 - Method: GET - URL: /login
2024-09-20T05:28:05.354Z [info]: IP: Localhost - Country: 알 수 없음 - Method: GET - URL: /login
2024-09-20T05:28:12.055Z [info]: IP: Localhost - Country: 알 수 없음 - Method: GET - URL: /login
2024-09-20T05:28:21.317Z [error]: 로그인 오류: Unknown database 'practice_site_project'
2024-09-20T05:49:54.140Z [info]: IP: Localhost - Country: 알 수 없음 - Method: GET - URL: /login
2024-09-20T05:50:00.819Z [info]: IP: Localhost - Country: 알 수 없음 - 로그인 성공 - Username: wtrdd - Token: eyJhbGciOiJIUzI1NiIsInR5cCI6IkpXVCJ9.eyJ1c2VySWQiOjEsInVzZXJuYW1lIjoid3RyZGQiLCJpYXQiOjE3MjY4MTE0MDAsImV4cCI6MTcyNjgxNTAwMH0.a1CFeTtHyu4dVifHOwGgPv4dyKzx7W82C-Jvd5C8jzo
2024-09-20T06:04:23.027Z [info]: IP: ::1 - Country: 알 수 없음 - 로그인 페이지 요청
2024-09-20T06:04:28.469Z [info]: IP: ::1 - Country: 알 수 없음 - 로그인 성공 - Username: wtrdd
2024-09-20T08:03:55.142Z [info]: IP: ::1 - Country: 알 수 없음 - 로그인 페이지 요청
2024-09-21T00:00:21.488Z [info]: 로그인 성공 - Username: wtrdd
2024-09-21T00:13:23.964Z [info]: 로그인 실패: 잘못된 비밀번호 - Username: wtrdd
2024-09-21T00:13:25.311Z [info]: 로그인 실패: 잘못된 비밀번호 - Username: wtrdd
2024-09-21T00:13:28.705Z [info]: 로그인 성공 - Username: wtrdd
2024-09-21T00:44:24.413Z [info]: 로그인 성공 - Username: wtrdd
2024-09-21T00:50:21.981Z [info]: 로그인 성공 - Username: wtrdd
2024-09-21T00:51:56.274Z [info]: 로그인 성공 - Username: wtrdd
2024-09-21T00:54:58.507Z [info]: 로그인 실패: 사용자 없음 - Username: wtrr
2024-09-21T00:55:02.347Z [info]: 로그인 성공 - Username: wtrdd
2024-09-21T01:04:11.954Z [info]: 로그인 성공 - Username: wxcve123
2024-09-21T01:18:50.818Z [info]: 로그인 실패: 사용자 없음 - User ID: undefined
2024-09-21T01:18:51.452Z [info]: 로그인 실패: 사용자 없음 - User ID: undefined
2024-09-21T01:18:58.000Z [info]: 로그인 실패: 사용자 없음 - User ID: undefined
2024-09-21T01:18:58.169Z [info]: 로그인 실패: 사용자 없음 - User ID: undefined
2024-09-21T01:18:58.315Z [info]: 로그인 실패: 사용자 없음 - User ID: undefined
2024-09-21T01:18:58.462Z [info]: 로그인 실패: 사용자 없음 - User ID: undefined
2024-09-21T01:18:58.607Z [info]: 로그인 실패: 사용자 없음 - User ID: undefined
2024-09-21T01:18:58.753Z [info]: 로그인 실패: 사용자 없음 - User ID: undefined
2024-09-21T01:18:58.876Z [info]: 로그인 실패: 사용자 없음 - User ID: undefined
2024-09-21T01:18:59.049Z [info]: 로그인 실패: 사용자 없음 - User ID: undefined
2024-09-21T01:18:59.168Z [info]: 로그인 실패: 사용자 없음 - User ID: undefined
2024-09-21T01:18:59.314Z [info]: 로그인 실패: 사용자 없음 - User ID: undefined
2024-09-21T01:18:59.484Z [info]: 로그인 실패: 사용자 없음 - User ID: undefined
2024-09-21T01:18:59.630Z [info]: 로그인 실패: 사용자 없음 - User ID: undefined
2024-09-21T01:18:59.800Z [info]: 로그인 실패: 사용자 없음 - User ID: undefined
2024-09-21T01:18:59.968Z [info]: 로그인 실패: 사용자 없음 - User ID: undefined
2024-09-21T01:19:00.093Z [info]: 로그인 실패: 사용자 없음 - User ID: undefined
2024-09-21T01:19:00.263Z [info]: 로그인 실패: 사용자 없음 - User ID: undefined
2024-09-21T01:19:00.407Z [info]: 로그인 실패: 사용자 없음 - User ID: undefined
2024-09-21T01:19:00.530Z [info]: 로그인 실패: 사용자 없음 - User ID: undefined
2024-09-21T01:21:07.317Z [info]: 로그인 시도 - user_id: undefined
2024-09-21T01:21:07.353Z [warn]: 로그인 실패 - 사용자 없음: undefined
2024-09-21T01:22:08.390Z [info]: 로그인 페이지 요청
2024-09-21T01:22:14.009Z [info]: 로그인 시도 - user_id: wtrdd
2024-09-21T01:22:14.196Z [info]: 로그인 성공 - user_id: wtrdd, nickname: 홍종환
2024-09-21T01:22:22.184Z [info]: 로그인 시도 - user_id: wtrdd
2024-09-21T01:22:22.326Z [info]: 로그인 성공 - user_id: wtrdd, nickname: 홍종환
2024-09-21T01:22:22.722Z [info]: 로그인 시도 - user_id: wtrdd
2024-09-21T01:22:22.848Z [info]: 로그인 성공 - user_id: wtrdd, nickname: 홍종환
2024-09-21T01:22:22.919Z [info]: 로그인 시도 - user_id: wtrdd
2024-09-21T01:22:23.046Z [info]: 로그인 성공 - user_id: wtrdd, nickname: 홍종환
2024-09-21T01:22:23.092Z [info]: 로그인 시도 - user_id: wtrdd
2024-09-21T01:22:23.273Z [info]: 로그인 시도 - user_id: wtrdd
2024-09-21T01:22:23.278Z [info]: 로그인 성공 - user_id: wtrdd, nickname: 홍종환
2024-09-21T01:22:23.443Z [info]: 로그인 성공 - user_id: wtrdd, nickname: 홍종환
2024-09-21T01:22:23.467Z [info]: 로그인 시도 - user_id: wtrdd
2024-09-21T01:22:23.596Z [info]: 로그인 성공 - user_id: wtrdd, nickname: 홍종환
2024-09-21T01:22:23.677Z [info]: 로그인 시도 - user_id: wtrdd
2024-09-21T01:22:23.798Z [info]: 로그인 성공 - user_id: wtrdd, nickname: 홍종환
2024-09-21T01:22:23.920Z [info]: 로그인 시도 - user_id: wtrdd
2024-09-21T01:22:24.036Z [info]: 로그인 성공 - user_id: wtrdd, nickname: 홍종환
2024-09-21T01:24:03.274Z [info]: 로그인 시도 - user_id: wtrdd
2024-09-21T01:24:03.367Z [info]: 로그인 성공 - user_id: wtrdd, nickname: 홍종환
2024-09-21T01:29:57.857Z [info]: 로그인 페이지 요청
2024-09-21T01:30:04.540Z [info]: 로그인 시도 - user_id: wterdd
2024-09-21T01:30:04.617Z [warn]: 로그인 실패 - 사용자 없음: wterdd
2024-09-21T01:30:07.502Z [info]: 로그인 시도 - user_id: wtrdd
2024-09-21T01:30:07.633Z [warn]: 로그인 실패 - 잘못된 비밀번호: wtrdd
2024-09-21T01:30:11.584Z [info]: 로그인 시도 - user_id: wtrdd
2024-09-21T01:30:11.721Z [info]: 로그인 성공 - user_id: wtrdd, nickname: 홍종환
2024-09-21T01:30:18.659Z [info]: 로그인 페이지 요청
2024-09-21T01:32:35.163Z [info]: 로그인 페이지 요청
2024-09-21T01:32:44.830Z [info]: 로그인 시도 - user_id: wtrdd
2024-09-21T01:32:45.093Z [info]: 로그인 성공 - user_id: wtrdd, nickname: 홍종환
2024-09-21T01:32:52.631Z [info]: 로그인 페이지 요청
2024-09-21T01:33:22.939Z [info]: 로그인 페이지 요청
2024-09-21T01:37:28.723Z [info]: 로그인 페이지 요청
2024-09-21T01:37:34.579Z [info]: 로그인 시도 - user_id: wtrdd
2024-09-21T01:37:34.844Z [info]: 로그인 성공 - user_id: wtrdd, nickname: 홍종환
2024-09-21T01:41:42.358Z [info]: 로그인 페이지 요청
2024-09-21T01:41:48.912Z [info]: 로그인 시도 - user_id: wtrdd
2024-09-21T01:41:49.157Z [info]: 로그인 성공 - user_id: wtrdd, nickname: 홍종환
2024-09-21T02:43:11.190Z [info]: 로그인 페이지 요청
2024-09-21T02:44:04.721Z [info]: 로그인 페이지 요청
2024-09-21T02:44:09.794Z [info]: 로그인 시도 - user_id: wtrdd
2024-09-21T02:44:09.926Z [info]: 로그인 성공 - user_id: wtrdd, nickname: 홍종환
2024-09-21T02:48:55.795Z [info]: 로그인 페이지 요청
2024-09-21T02:49:02.703Z [info]: 로그인 시도 - user_id: wtrdd
2024-09-21T02:49:02.906Z [info]: 로그인 성공 - user_id: wtrdd, nickname: 홍종환
2024-09-21T03:26:22.525Z [info]: 로그인 페이지 요청
2024-09-21T03:26:28.661Z [info]: 로그인 시도 - user_id: wtrdd
2024-09-21T03:26:28.861Z [info]: 로그인 성공 - user_id: wtrdd, nickname: 홍종환
2024-09-21T03:55:30.428Z [info]: 로그인 페이지 요청
2024-09-21T03:55:35.012Z [info]: 로그인 시도 - user_id: wtrdd
2024-09-21T03:55:35.210Z [info]: 로그인 성공 - user_id: wtrdd, nickname: 홍종환
2024-09-21T03:59:11.086Z [info]: 로그인 페이지 요청
2024-09-21T03:59:16.979Z [info]: 로그인 시도 - user_id: wtrdd
2024-09-21T03:59:17.175Z [info]: 로그인 성공 - user_id: wtrdd, nickname: 홍종환
2024-09-21T04:13:13.582Z [info]: 로그인 페이지 요청
2024-09-21T04:13:19.169Z [info]: 로그인 시도 - user_id: wtrdd
2024-09-21T04:13:19.422Z [info]: 로그인 성공 - user_id: wtrdd, nickname: 홍종환
2024-09-21T04:15:54.738Z [info]: 로그인 페이지 요청
2024-09-21T04:16:01.229Z [info]: 로그인 시도 - user_id: wtrdd
2024-09-21T04:16:01.336Z [info]: 로그인 성공 - user_id: wtrdd, nickname: 홍종환
2024-09-21T04:16:34.329Z [info]: 로그인 페이지 요청
2024-09-21T04:16:41.717Z [info]: 로그인 시도 - user_id: wtrdd
2024-09-21T04:16:41.796Z [info]: 로그인 성공 - user_id: wtrdd, nickname: 홍종환
2024-09-21T04:22:30.497Z [info]: 로그인 페이지 요청
2024-09-21T04:22:30.991Z [info]: 로그인 페이지 요청
2024-09-21T04:22:35.790Z [info]: 로그인 시도 - user_id: wtrdd
2024-09-21T04:22:36.111Z [info]: 로그인 성공 - user_id: wtrdd, nickname: 홍종환
2024-09-21T04:27:35.268Z [info]: 로그인 페이지 요청
2024-09-21T04:27:40.159Z [info]: 로그인 시도 - user_id: wtrdd
2024-09-21T04:27:40.378Z [info]: 로그인 성공 - user_id: wtrdd, nickname: 홍종환
2024-09-21T04:40:17.925Z [info]: 로그인 페이지 요청
2024-09-21T04:58:15.424Z [info]: 로그인 페이지 요청
2024-09-21T04:58:22.653Z [info]: 로그인 시도 - user_id: wtrdd
2024-09-21T04:58:22.827Z [info]: 로그인 성공 - user_id: wtrdd, nickname: 홍종환
2024-09-21T05:00:16.542Z [info]: 로그인 페이지 요청
2024-09-21T05:00:22.732Z [info]: 로그인 시도 - user_id: wtrdd
2024-09-21T05:00:22.858Z [info]: 로그인 성공 - user_id: wtrdd, nickname: 홍종환
2024-09-21T05:04:05.880Z [info]: 로그인 페이지 요청
2024-09-21T05:04:11.805Z [info]: 로그인 시도 - user_id: wtrdd
2024-09-21T05:04:11.973Z [info]: 로그인 성공 - user_id: wtrdd, nickname: 홍종환
2024-09-21T05:07:28.095Z [info]: 로그인 페이지 요청
2024-09-21T05:07:36.867Z [info]: 로그인 시도 - user_id: wtrdd
2024-09-21T05:07:37.025Z [info]: 로그인 성공 - user_id: wtrdd, nickname: 홍종환
2024-09-21T05:35:21.251Z [info]: 로그인 페이지 요청
2024-09-21T05:35:26.263Z [info]: 로그인 시도 - user_id: wtrdd
2024-09-21T05:35:26.426Z [info]: 로그인 성공 - user_id: wtrdd, nickname: 홍종환
2024-09-21T05:42:30.126Z [info]: 로그인 페이지 요청
2024-09-21T05:42:39.171Z [info]: 로그인 시도 - user_id: wtrdd
2024-09-21T05:42:39.301Z [info]: 로그인 성공 - user_id: wtrdd, nickname: 홍종환
2024-09-21T05:52:50.890Z [info]: 로그인 페이지 요청
2024-09-23T00:07:03.826Z [info]: 로그인 페이지 요청
2024-09-23T00:07:09.405Z [info]: 로그인 시도 - user_id: wtrdd
2024-09-23T00:07:09.622Z [info]: 로그인 성공 - user_id: wtrdd, nickname: 홍종환
2024-09-23T00:12:26.109Z [info]: 로그인 페이지 요청
2024-09-23T00:12:31.772Z [info]: 로그인 시도 - user_id: wtrdd
2024-09-23T00:12:32.034Z [info]: 로그인 성공 - user_id: wtrdd, nickname: 홍종환
2024-09-23T00:15:06.352Z [info]: 로그인 페이지 요청
2024-09-23T00:15:11.850Z [info]: 로그인 시도 - user_id: wtrdd
2024-09-23T00:15:12.021Z [info]: 로그인 성공 - user_id: wtrdd, nickname: 홍종환
2024-09-23T00:16:28.354Z [info]: 로그인 페이지 요청
2024-09-23T00:16:33.335Z [info]: 로그인 시도 - user_id: wtrdd
2024-09-23T00:16:33.581Z [info]: 로그인 성공 - user_id: wtrdd, nickname: 홍종환
2024-09-23T00:18:16.913Z [info]: 로그인 페이지 요청
2024-09-23T00:18:22.221Z [info]: 로그인 시도 - user_id: wtrdd
2024-09-23T00:18:22.335Z [info]: 로그인 성공 - user_id: wtrdd, nickname: 홍종환
2024-09-23T00:21:49.944Z [info]: 로그인 페이지 요청
2024-09-23T00:21:54.916Z [info]: 로그인 시도 - user_id: wtrdd
2024-09-23T00:21:55.237Z [info]: 로그인 성공 - user_id: wtrdd, nickname: 홍종환
2024-09-23T01:25:24.066Z [info]: 로그인 페이지 요청
2024-09-23T01:25:36.579Z [info]: 로그인 시도 - user_id: wtrdd
2024-09-23T01:25:36.691Z [info]: 로그인 성공 - user_id: wtrdd, nickname: 홍종환
2024-09-23T01:31:17.802Z [info]: 로그인 페이지 요청
2024-09-23T01:31:22.983Z [info]: 로그인 페이지 요청
2024-09-23T01:31:32.091Z [info]: 로그인 시도 - user_id: wtrdd
2024-09-23T01:31:32.278Z [info]: 로그인 성공 - user_id: wtrdd, nickname: 홍종환
2024-09-23T01:33:10.532Z [info]: 로그인 페이지 요청
2024-09-23T01:34:25.529Z [info]: 로그인 시도 - user_id: wtdd
2024-09-23T01:34:25.535Z [warn]: 로그인 실패 - 사용자 없음: wtdd
2024-09-23T01:34:36.049Z [info]: 로그인 시도 - user_id: wtrdd
2024-09-23T01:34:36.228Z [info]: 로그인 성공 - user_id: wtrdd, nickname: 홍종환
2024-09-23T01:34:37.194Z [info]: 로그인 시도 - user_id: wtrdd
2024-09-23T01:34:37.341Z [info]: 로그인 성공 - user_id: wtrdd, nickname: 홍종환
2024-09-23T01:42:39.074Z [info]: 로그인 페이지 요청
2024-09-23T01:42:44.337Z [info]: 로그인 시도 - user_id: wtrdd
2024-09-23T01:42:44.610Z [info]: 로그인 성공 - user_id: wtrdd, nickname: 홍종환
2024-09-23T02:01:07.740Z [info]: 로그인 페이지 요청
2024-09-23T02:01:15.766Z [info]: 로그인 시도 - user_id: wtrdd
2024-09-23T02:01:15.980Z [info]: 로그인 성공 - user_id: wtrdd, nickname: 홍종환, isAdmin: true
2024-09-23T02:03:53.800Z [info]: 로그인 페이지 요청
2024-09-23T02:03:58.707Z [info]: 로그인 시도 - user_id: wtrdd
2024-09-23T02:03:58.852Z [info]: 로그인 성공 - user_id: wtrdd, nickname: 홍종환, isAdmin: true
2024-09-23T02:04:19.799Z [info]: 로그인 페이지 요청
2024-09-23T02:04:25.753Z [info]: 로그인 시도 - user_id: wxcve123
2024-09-23T02:04:25.909Z [info]: 로그인 성공 - user_id: wxcve123, nickname: 홍종환, isAdmin: false
2024-09-23T03:23:10.599Z [info]: 로그인 페이지 요청
2024-09-23T03:23:15.702Z [info]: 로그인 시도 - user_id: wtrdd
2024-09-23T03:23:15.817Z [info]: 로그인 성공 - user_id: wtrdd, nickname: 홍종환, isAdmin: true
2024-09-23T04:03:04.455Z [info]: 로그인 페이지 요청
2024-09-23T04:03:10.346Z [info]: 로그인 시도 - user_id: wtrdd
2024-09-23T04:03:10.586Z [info]: 로그인 성공 - user_id: wtrdd, nickname: 홍종환, isAdmin: true
2024-09-23T04:04:00.927Z [info]: 로그인 페이지 요청
2024-09-23T04:04:07.253Z [info]: 로그인 시도 - user_id: wtrdd
2024-09-23T04:04:07.461Z [info]: 로그인 성공 - user_id: wtrdd, nickname: 홍종환, isAdmin: true
2024-09-23T08:06:08.193Z [info]: 로그인 페이지 요청
2024-09-23T08:06:12.705Z [info]: 로그인 시도 - user_id: wtrdd
2024-09-23T08:06:12.910Z [info]: 로그인 성공 - user_id: wtrdd, nickname: 홍종환, isAdmin: true
2024-09-23T09:47:05.522Z [info]: 로그인 페이지 요청
2024-09-23T09:47:12.038Z [info]: 로그인 시도 - user_id: wtrdd
2024-09-23T09:47:12.116Z [info]: 로그인 성공 - user_id: wtrdd, nickname: 홍종환, isAdmin: true
2024-09-24T01:24:31.186Z [info]: 로그인 페이지 요청
2024-09-24T01:24:36.604Z [info]: 로그인 시도 - user_id: wtrdd
2024-09-24T01:24:36.707Z [info]: 로그인 성공 - user_id: wtrdd, nickname: 홍종환, isAdmin: true
2024-09-24T01:27:39.928Z [info]: 로그인 페이지 요청
2024-09-24T01:27:41.006Z [info]: 로그인 페이지 요청
2024-09-24T01:27:52.781Z [info]: 로그인 시도 - user_id: wxcve123
2024-09-24T01:27:53.008Z [info]: 로그인 성공 - user_id: wxcve123, nickname: 홍종환, isAdmin: false
2024-09-24T01:28:20.284Z [info]: 로그인 페이지 요청
2024-09-24T01:28:25.958Z [info]: 로그인 시도 - user_id: wtrdd
2024-09-24T01:28:26.126Z [info]: 로그인 성공 - user_id: wtrdd, nickname: 홍종환, isAdmin: true
2024-09-24T04:29:05.644Z [info]: 로그인 페이지 요청
2024-09-24T04:29:10.880Z [info]: 로그인 시도 - user_id: wtrdd
2024-09-24T04:29:10.936Z [info]: 로그인 성공 - user_id: wtrdd, nickname: 홍종환, isAdmin: true
2024-09-24T04:29:56.098Z [info]: 로그인 페이지 요청
2024-09-24T07:34:43.283Z [info]: 로그인 페이지 요청
2024-09-24T07:36:01.004Z [info]: 로그인 페이지 요청
2024-09-24T07:36:17.735Z [info]: 로그인 시도 - user_id: wtrdd
2024-09-24T07:36:17.959Z [info]: 로그인 성공 - user_id: wtrdd, nickname: 홍종환, isAdmin: true
2024-09-24T07:53:39.541Z [info]: 로그인 페이지 요청
2024-09-24T10:17:24.530Z [info]: 로그인 시도 - user_id: wtrdd
2024-09-24T10:17:24.729Z [info]: 로그인 성공 - user_id: wtrdd, nickname: 홍종환, isAdmin: true
2024-09-26T00:51:12.614Z [info]: 로그인 페이지 요청
2024-09-26T00:51:19.894Z [info]: 로그인 시도 - user_id: wtrdd
2024-09-26T00:51:19.987Z [info]: 로그인 성공 - user_id: wtrdd, nickname: 홍종환, isAdmin: true
2024-09-26T01:51:40.254Z [info]: 로그인 페이지 요청
2024-09-26T01:51:45.042Z [info]: 로그인 시도 - user_id: wtrdd
2024-09-26T01:51:45.125Z [info]: 로그인 성공 - user_id: wtrdd, nickname: 홍종환, isAdmin: true
2024-09-26T03:26:54.404Z [info]: 로그인 페이지 요청
2024-09-26T03:27:07.861Z [info]: 로그인 시도 - user_id: wtrdd
2024-09-26T03:27:07.912Z [info]: 로그인 성공 - user_id: wtrdd, nickname: 홍종환, isAdmin: true
2024-09-26T03:29:45.274Z [info]: 로그인 페이지 요청
2024-09-26T03:29:50.418Z [info]: 로그인 시도 - user_id: wtrdd
2024-09-26T03:29:50.488Z [warn]: 로그인 실패 - 잘못된 비밀번호: wtrdd
2024-09-26T03:30:06.683Z [info]: 로그인 시도 - user_id: wtrdd
2024-09-26T03:30:06.735Z [info]: 로그인 성공 - user_id: wtrdd, nickname: 홍종환, isAdmin: true
2024-09-26T03:31:22.810Z [info]: 로그인 페이지 요청
2024-09-26T03:31:27.902Z [info]: 로그인 시도 - user_id: wtrdd
2024-09-26T03:31:27.974Z [info]: 로그인 성공 - user_id: wtrdd, nickname: 홍종환, isAdmin: true
2024-09-26T03:31:34.682Z [info]: 로그인 페이지 요청
2024-09-26T03:41:33.763Z [info]: 로그인 페이지 요청
2024-09-26T03:51:29.993Z [info]: 로그인 페이지 요청
2024-09-26T04:32:57.483Z [info]: 로그인 페이지 요청
2024-09-26T04:33:01.991Z [info]: 로그인 시도 - user_id: wtrdd
2024-09-26T04:33:02.077Z [info]: 로그인 성공 - user_id: wtrdd, nickname: 홍종환, isAdmin: true
2024-09-26T04:33:05.110Z [info]: 로그인 페이지 요청
2024-09-26T05:27:33.042Z [info]: 로그인 페이지 요청
2024-09-26T05:29:47.187Z [info]: 로그인 페이지 요청
2024-09-26T05:29:52.062Z [info]: 로그인 시도 - user_id: wtrdd
2024-09-26T05:29:52.207Z [info]: 로그인 성공 - user_id: wtrdd, nickname: 홍종환, isAdmin: true
2024-09-30T10:31:48.636Z [info]: 로그인 페이지 요청
2024-10-02T08:07:36.218Z [info]: 로그인 페이지 요청
2024-10-02T08:07:44.522Z [info]: 로그인 시도 - user_id: wtrdd
2024-10-02T08:07:44.641Z [info]: 로그인 성공 - user_id: wtrdd, nickname: 홍종환, isAdmin: true
2024-10-02T09:32:43.756Z [info]: 로그인 페이지 요청
2024-10-02T09:34:40.035Z [info]: 로그인 페이지 요청
2024-10-02T09:34:40.175Z [info]: 로그인 페이지 요청
2024-10-02T09:34:40.367Z [info]: 로그인 페이지 요청
2024-10-02T10:13:03.902Z [info]: 로그인 페이지 요청
2024-10-02T10:13:11.691Z [info]: 로그인 페이지 요청
2024-10-02T10:13:39.346Z [info]: 로그인 페이지 요청
2024-10-02T10:13:44.952Z [info]: 로그인 페이지 요청
2024-10-04T10:03:59.957Z [info]: 로그인 페이지 요청
2024-10-04T10:04:05.311Z [info]: 로그인 시도 - user_id: wtrdd
2024-10-04T10:04:05.391Z [info]: 로그인 성공 - user_id: wtrdd, nickname: 홍종환, isAdmin: true
2024-10-04T10:15:02.660Z [info]: 로그인 페이지 요청
2024-10-04T10:15:07.397Z [info]: 로그인 시도 - user_id: wtrdd
2024-10-04T10:15:07.449Z [info]: 로그인 성공 - user_id: wtrdd, nickname: 홍종환, isAdmin: true, role: User
2024-10-04T10:15:42.188Z [info]: 로그인 페이지 요청
2024-10-04T10:15:47.929Z [info]: 로그인 시도 - user_id: wtrdd
2024-10-04T10:15:47.982Z [info]: 로그인 성공 - user_id: wtrdd, nickname: 홍종환, isAdmin: true, role: Admin
2024-10-04T10:15:48.286Z [info]: 로그인 시도 - user_id: wtrdd
2024-10-04T10:15:48.339Z [info]: 로그인 성공 - user_id: wtrdd, nickname: 홍종환, isAdmin: true, role: Admin
2024-10-04T10:16:30.617Z [info]: 로그인 페이지 요청
2024-10-04T10:16:36.103Z [info]: 로그인 시도 - user_id: wxcve123
2024-10-04T10:16:36.153Z [info]: 로그인 성공 - user_id: wxcve123, nickname: 홍종환, isAdmin: false, role: User
2024-10-04T10:17:10.419Z [info]: 로그인 페이지 요청
2024-10-04T10:17:15.062Z [info]: 로그인 시도 - user_id: wtrdd
2024-10-04T10:17:15.120Z [info]: 로그인 성공 - user_id: wtrdd, nickname: 홍종환, isAdmin: true, role: Admin
2024-10-08T09:49:48.421Z [info]: 로그인 페이지 요청
2024-10-08T09:49:53.074Z [info]: 로그인 시도 - user_id: wtrdd
2024-10-08T09:49:53.125Z [info]: 로그인 성공 - user_id: wtrdd, nickname: 홍종환, isAdmin: true, role: Admin
2024-10-08T10:14:42.685Z [info]: 로그인 페이지 요청
2024-10-08T10:26:21.981Z [info]: 로그인 페이지 요청
2024-10-10T06:53:52.579Z [info]: 로그인 페이지 요청
2024-10-10T06:53:53.354Z [info]: 로그인 페이지 요청
2024-10-10T06:53:53.615Z [info]: 로그인 페이지 요청
2024-10-10T06:53:54.138Z [info]: 로그인 페이지 요청
2024-10-10T06:53:54.451Z [info]: 로그인 페이지 요청
2024-10-10T06:54:04.445Z [info]: 로그인 시도 - user_id: wtrdd
2024-10-10T06:54:04.536Z [info]: 로그인 성공 - user_id: wtrdd, nickname: 홍종환, isAdmin: true, role: Admin
2024-10-10T07:12:48.848Z [info]: 로그인 페이지 요청
2024-10-10T07:34:50.569Z [info]: 로그인 페이지 요청
2024-10-10T07:34:55.463Z [info]: 로그인 시도 - user_id: wtrdd
2024-10-10T07:34:55.588Z [info]: 로그인 성공 - user_id: wtrdd, nickname: 홍종환, isAdmin: true, role: Admin
2024-10-10T07:55:53.476Z [info]: 로그인 페이지 요청
2024-10-10T08:28:17.005Z [info]: 로그인 페이지 요청
2024-10-10T08:28:21.985Z [info]: 로그인 시도 - user_id: wxcve123
2024-10-10T08:28:22.106Z [info]: 로그인 성공 - user_id: wxcve123, nickname: 홍종환, isAdmin: false, role: User
2024-10-10T08:34:33.703Z [info]: 로그인 페이지 요청
2024-10-10T08:34:38.852Z [info]: 로그인 시도 - user_id: wxcve123
2024-10-10T08:34:38.925Z [info]: 로그인 성공 - user_id: wxcve123, nickname: 홍종환, isAdmin: false, role: User
2024-10-10T09:15:59.288Z [info]: 로그인 페이지 요청
2024-10-10T09:16:07.947Z [info]: 로그인 시도 - user_id: wxcve123
2024-10-10T09:16:08.021Z [info]: 로그인 성공 - user_id: wxcve123, nickname: 홍종환, isAdmin: false, role: User
2024-10-10T09:22:40.389Z [info]: 로그인 페이지 요청
2024-10-10T09:22:45.651Z [info]: 로그인 시도 - user_id: wxcve123
2024-10-10T09:22:45.736Z [info]: 로그인 성공 - user_id: wxcve123, nickname: 홍종환, isAdmin: false, role: User
2024-10-10T09:26:22.893Z [info]: 로그인 페이지 요청
2024-10-10T09:26:27.428Z [info]: 로그인 시도 - user_id: wxcve123
2024-10-10T09:26:27.509Z [info]: 로그인 성공 - user_id: wxcve123, nickname: 최은, isAdmin: false, role: User
2024-10-10T09:51:25.006Z [info]: 로그인 페이지 요청
2024-10-10T09:51:29.509Z [info]: 로그인 시도 - user_id: wtrdd
2024-10-10T09:51:29.581Z [info]: 로그인 성공 - user_id: wtrdd, nickname: 월덕(관리자), isAdmin: true, role: Admin
2024-10-11T06:05:21.232Z [info]: 로그인 페이지 요청
2024-10-11T06:06:15.806Z [info]: 로그인 시도 - user_id: wtrdd
2024-10-11T06:06:15.915Z [warn]: 로그인 실패 - 잘못된 비밀번호: wtrdd
2024-10-11T06:06:20.863Z [info]: 로그인 시도 - user_id: wtrdd
2024-10-11T06:06:20.939Z [info]: 로그인 성공 - user_id: wtrdd, nickname: 월덕(관리자), isAdmin: true, role: Admin
2024-10-11T07:11:46.190Z [info]: 로그인 페이지 요청
2024-10-11T07:11:51.854Z [info]: 로그인 시도 - user_id: wtrdd
2024-10-11T07:11:51.936Z [info]: 로그인 성공 - user_id: wtrdd, nickname: 월덕(관리자), isAdmin: true, role: Admin
2024-10-11T07:11:56.776Z [info]: 로그인 페이지 요청
2024-10-11T07:29:39.226Z [info]: 로그인 페이지 요청
2024-10-11T07:29:44.579Z [info]: 로그인 시도 - user_id: wtrdd
2024-10-11T07:29:44.664Z [info]: 로그인 성공 - user_id: wtrdd, nickname: 월덕(관리자), isAdmin: true, role: Admin
2024-10-11T07:34:58.328Z [info]: 로그인 페이지 요청
2024-10-11T07:35:03.243Z [info]: 로그인 시도 - user_id: wtrdd
2024-10-11T07:35:03.325Z [warn]: 로그인 실패 - 잘못된 비밀번호: wtrdd
2024-10-11T07:35:08.241Z [info]: 로그인 시도 - user_id: wtrdd
2024-10-11T07:35:08.304Z [warn]: 로그인 실패 - 잘못된 비밀번호: wtrdd
2024-10-11T07:35:11.969Z [info]: 로그인 시도 - user_id: wtrdd
2024-10-11T07:35:12.037Z [info]: 토큰 발급 성공 - user_id: wtrdd, token 유효시간: Fri Oct 11 2024 17:35:12 GMT+0900 (대한민국 표준시)
2024-10-11T07:36:20.450Z [info]: 로그인 페이지 요청
2024-10-11T07:36:25.057Z [info]: 로그인 시도 - user_id: wtrdd
2024-10-11T07:36:25.137Z [info]: 토큰 발급 성공 - user_id: wtrdd, nickname: 월덕(관리자), token 유효시간: Fri Oct 11 2024 17:36:25 GMT+0900 (대한민국 표준시)
2024-10-11T07:39:28.395Z [info]: 로그인 페이지 요청
2024-10-11T07:39:33.964Z [info]: 로그인 시도 - user_id: wtrdd
2024-10-11T07:39:34.053Z [warn]: 로그인 실패 - 잘못된 비밀번호: wtrdd
2024-10-11T07:39:38.661Z [info]: 로그인 시도 - user_id: wtrdd
2024-10-11T07:39:38.719Z [info]: 토큰 발급 성공 - user_id: wtrdd, nickname: 월덕(관리자), token 유효시간: Fri Oct 11 2024 17:39:38 GMT+0900 (대한민국 표준시)
2024-10-11T23:22:22.933Z [info]: 로그인 페이지 요청
2024-10-11T23:22:28.994Z [info]: 로그인 시도 - user_id: wtrdd
2024-10-11T23:22:29.044Z [info]: 토큰 발급 성공 - user_id: wtrdd, nickname: 월덕(관리자), token 유효시간: Sat Oct 12 2024 09:22:29 GMT+0900 (대한민국 표준시)
2024-10-11T23:25:00.283Z [info]: 로그인 페이지 요청
2024-10-11T23:25:06.862Z [info]: 로그인 시도 - user_id: wtrdd
2024-10-11T23:25:06.980Z [info]: 토큰 발급 성공 - user_id: wtrdd, nickname: 월덕(관리자), token 유효시간: Sat Oct 12 2024 09:25:06 GMT+0900 (대한민국 표준시)
2024-10-11T23:27:40.467Z [info]: 로그인 페이지 요청
2024-10-11T23:27:48.014Z [info]: 로그인 시도 - user_id: wtrdd
2024-10-11T23:27:48.119Z [info]: 토큰 발급 성공 - user_id: wtrdd, nickname: 월덕(관리자), token 유효시간: Sat Oct 12 2024 09:27:48 GMT+0900 (대한민국 표준시)
2024-10-11T23:31:11.108Z [info]: 로그인 페이지 요청
2024-10-11T23:31:16.228Z [info]: 로그인 시도 - user_id: wtrdd
2024-10-11T23:31:16.289Z [info]: 토큰 발급 성공 - user_id: wtrdd, nickname: 월덕(관리자), token 유효시간: Sat Oct 12 2024 09:31:16 GMT+0900 (대한민국 표준시)
2024-10-11T23:32:32.757Z [info]: 로그인 페이지 요청
2024-10-11T23:32:38.271Z [info]: 로그인 시도 - user_id: wtrdd
2024-10-11T23:32:38.340Z [info]: 토큰 발급 성공 - user_id: wtrdd, nickname: 월덕(관리자), token 유효시간: Sat Oct 12 2024 09:32:38 GMT+0900 (대한민국 표준시)
2024-10-11T23:36:09.120Z [info]: 로그인 페이지 요청
2024-10-11T23:36:13.976Z [info]: 로그인 시도 - user_id: wtrdd
2024-10-11T23:36:14.049Z [info]: 토큰 발급 성공 - user_id: wtrdd, nickname: 월덕(관리자), token 유효시간: Sat Oct 12 2024 09:36:14 GMT+0900 (대한민국 표준시)
2024-10-11T23:40:49.224Z [info]: 로그인 페이지 요청
2024-10-11T23:40:54.424Z [info]: 로그인 시도 - user_id: wtrdd
2024-10-11T23:40:54.533Z [info]: 토큰 발급 성공 - user_id: wtrdd, nickname: 월덕(관리자), token 유효시간: Sat Oct 12 2024 09:40:54 GMT+0900 (대한민국 표준시)
2024-10-11T23:44:31.358Z [info]: 로그인 페이지 요청
2024-10-11T23:44:36.292Z [info]: 로그인 시도 - user_id: wtrdd
2024-10-11T23:44:36.360Z [info]: 토큰 발급 성공 - user_id: wtrdd, nickname: 월덕(관리자), token 유효시간: Sat Oct 12 2024 09:44:36 GMT+0900 (대한민국 표준시)
2024-10-12T00:12:39.682Z [info]: 로그인 페이지 요청
2024-10-12T00:12:45.200Z [info]: 로그인 시도 - user_id: wtrdd
2024-10-12T00:12:45.296Z [info]: 토큰 발급 성공 - user_id: wtrdd, nickname: 월덕(관리자), token 유효시간: Sat Oct 12 2024 10:12:45 GMT+0900 (대한민국 표준시)
2024-10-12T00:17:20.557Z [info]: 로그인 페이지 요청
2024-10-12T00:17:24.908Z [info]: 로그인 시도 - user_id: wtrdd
2024-10-12T00:17:24.975Z [info]: 토큰 발급 성공 - user_id: wtrdd, nickname: 월덕(관리자), token 유효시간: Sat Oct 12 2024 10:17:24 GMT+0900 (대한민국 표준시)
2024-10-12T00:18:49.894Z [info]: 로그인 페이지 요청
2024-10-12T00:18:54.248Z [info]: 로그인 시도 - user_id: wtrdd
2024-10-12T00:18:54.313Z [info]: 토큰 발급 성공 - user_id: wtrdd, nickname: 월덕(관리자), token 유효시간: Sat Oct 12 2024 10:18:54 GMT+0900 (대한민국 표준시)
2024-10-12T00:20:55.469Z [info]: 로그인 페이지 요청
2024-10-12T00:21:01.492Z [info]: 로그인 시도 - user_id: wtrdd
2024-10-12T00:21:01.599Z [info]: 토큰 발급 성공 - user_id: wtrdd, nickname: 월덕(관리자), token 유효시간: Sat Oct 12 2024 10:21:01 GMT+0900 (대한민국 표준시)
2024-10-12T00:22:50.025Z [info]: 로그인 페이지 요청
2024-10-12T00:22:54.982Z [info]: 로그인 시도 - user_id: wtrdd
2024-10-12T00:22:55.079Z [info]: 토큰 발급 성공 - user_id: wtrdd, nickname: 월덕(관리자), token 유효시간: Sat Oct 12 2024 10:22:55 GMT+0900 (대한민국 표준시)
2024-10-12T00:25:04.165Z [info]: 로그인 페이지 요청
2024-10-12T00:25:08.827Z [info]: 로그인 시도 - user_id: wtrdd
2024-10-12T00:25:08.923Z [info]: 토큰 발급 성공 - user_id: wtrdd, nickname: 월덕(관리자), token 유효시간: Sat Oct 12 2024 10:25:08 GMT+0900 (대한민국 표준시)
2024-10-12T00:27:18.819Z [info]: 로그인 페이지 요청
2024-10-12T00:27:23.182Z [info]: 로그인 시도 - user_id: wtrdd
2024-10-12T00:27:23.274Z [info]: 토큰 발급 성공 - user_id: wtrdd, nickname: 월덕(관리자), token 유효시간: Sat Oct 12 2024 10:27:23 GMT+0900 (대한민국 표준시)
2024-10-12T00:54:34.572Z [info]: 로그인 페이지 요청
2024-10-12T00:54:47.967Z [info]: 로그인 시도 - user_id: wtrdd
2024-10-12T00:54:48.041Z [info]: 토큰 발급 성공 - user_id: wtrdd, nickname: 월덕(관리자), token 유효시간: Sat Oct 12 2024 10:54:48 GMT+0900 (대한민국 표준시)
2024-10-12T02:27:21.518Z [info]: 로그인 페이지 요청
2024-10-12T02:27:29.143Z [info]: 로그인 페이지 요청
2024-10-12T02:27:43.245Z [info]: 로그인 시도 - user_id: wtrdd
2024-10-12T02:27:43.313Z [info]: 토큰 발급 성공 - user_id: wtrdd, nickname: 월덕(관리자), token 유효시간: Sat Oct 12 2024 12:27:43 GMT+0900 (대한민국 표준시)
2024-10-12T07:51:24.188Z [info]: 로그인 페이지 요청
