2024-09-11T04:21:40.691Z [info]: IP: 221.154.192.39, 10.1.20.90 - Country: 알 수 없음 - Method: GET - URL: /
2024-09-11T04:49:48.309Z [info]: IP: 221.154.192.39, 10.1.20.90 - Country: 알 수 없음 - Method: GET - URL: /
2024-09-11T05:05:38.587Z [info]: IP: 221.154.192.39, 10.1.20.239 - Country: 알 수 없음 - Method: GET - URL: /
2024-09-11T05:05:39.012Z [info]: IP: 221.154.192.39, 10.1.20.142 - Country: 알 수 없음 - Method: GET - URL: /
2024-09-11T05:05:39.189Z [info]: IP: 221.154.192.39, 10.1.20.142 - Country: 알 수 없음 - Method: GET - URL: /
2024-09-11T05:05:39.370Z [info]: IP: 221.154.192.39, 10.1.20.239 - Country: 알 수 없음 - Method: GET - URL: /
2024-09-11T05:05:39.620Z [info]: IP: 221.154.192.39, 10.1.20.202 - Country: 알 수 없음 - Method: GET - URL: /
2024-09-11T05:05:39.791Z [info]: IP: 221.154.192.39, 10.1.20.90 - Country: 알 수 없음 - Method: GET - URL: /
2024-09-11T05:05:39.962Z [info]: IP: 221.154.192.39, 10.1.20.90 - Country: 알 수 없음 - Method: GET - URL: /
2024-09-11T05:05:40.190Z [info]: IP: 221.154.192.39, 10.1.20.142 - Country: 알 수 없음 - Method: GET - URL: /
2024-09-11T05:05:40.351Z [info]: IP: 221.154.192.39, 10.1.20.142 - Country: 알 수 없음 - Method: GET - URL: /
2024-09-11T07:22:32.512Z [info]: IP: 221.154.192.39, 10.1.21.240 - Country: 알 수 없음 - Method: GET - URL: /
2024-09-11T09:47:49.143Z [info]: IP: 221.154.192.39, 10.1.21.240 - Country: 알 수 없음 - Method: GET - URL: /
2024-09-11T10:00:00.022Z [info]: IP: 221.154.192.39, 10.1.21.240 - Country: 알 수 없음 - Method: GET - URL: /
2024-09-11T10:00:00.757Z [info]: IP: 221.154.192.39, 10.1.21.240 - Country: 알 수 없음 - Method: GET - URL: /
2024-09-11T10:00:17.141Z [info]: IP: 221.154.192.39, 10.1.21.240 - Country: 알 수 없음 - Method: GET - URL: /
2024-09-11T10:14:11.517Z [info]: IP: 221.154.192.39, 10.1.20.239 - Country: 알 수 없음 - Method: GET - URL: /
2024-09-19T05:04:30.205Z [info]: IP: Localhost - Country: 알 수 없음 - Method: GET - URL: /
2024-09-19T05:04:48.776Z [info]: IP: Localhost - Country: 알 수 없음 - Method: GET - URL: /
2024-09-19T05:04:49.292Z [info]: IP: Localhost - Country: 알 수 없음 - Method: GET - URL: /
2024-09-19T05:04:49.607Z [info]: IP: Localhost - Country: 알 수 없음 - Method: GET - URL: /
2024-09-19T05:04:49.792Z [info]: IP: Localhost - Country: 알 수 없음 - Method: GET - URL: /
2024-09-19T05:04:58.003Z [info]: IP: Localhost - Country: 알 수 없음 - Method: GET - URL: /Company_introduction
2024-09-19T05:07:18.214Z [info]: IP: Localhost - Country: 알 수 없음 - Method: GET - URL: /Company_introduction
2024-09-19T05:08:08.769Z [info]: IP: Localhost - Country: 알 수 없음 - Method: GET - URL: /
2024-09-19T05:08:27.756Z [info]: IP: Localhost - Country: 알 수 없음 - Method: GET - URL: /
2024-09-19T05:08:28.017Z [info]: IP: Localhost - Country: 알 수 없음 - Method: GET - URL: /
2024-09-19T05:08:28.601Z [info]: IP: Localhost - Country: 알 수 없음 - Method: GET - URL: /Company_introduction
2024-09-19T05:08:29.767Z [info]: IP: Localhost - Country: 알 수 없음 - Method: GET - URL: /
2024-09-19T05:09:02.243Z [info]: IP: Localhost - Country: 알 수 없음 - Method: GET - URL: /Company_introduction
2024-09-19T05:09:03.805Z [info]: IP: Localhost - Country: 알 수 없음 - Method: GET - URL: /Company_introduction
2024-09-19T05:09:07.318Z [info]: IP: Localhost - Country: 알 수 없음 - Method: GET - URL: /Company_introduction
2024-09-19T05:09:07.499Z [info]: IP: Localhost - Country: 알 수 없음 - Method: GET - URL: /Company_introduction
2024-09-19T05:09:07.645Z [info]: IP: Localhost - Country: 알 수 없음 - Method: GET - URL: /Company_introduction
2024-09-19T05:09:19.564Z [info]: IP: Localhost - Country: 알 수 없음 - Method: GET - URL: /
2024-09-19T05:09:19.768Z [info]: IP: Localhost - Country: 알 수 없음 - Method: GET - URL: /
2024-09-19T05:09:19.926Z [info]: IP: Localhost - Country: 알 수 없음 - Method: GET - URL: /
2024-09-19T05:09:20.091Z [info]: IP: Localhost - Country: 알 수 없음 - Method: GET - URL: /
2024-09-19T05:09:21.013Z [info]: IP: Localhost - Country: 알 수 없음 - Method: GET - URL: /Company_introduction
2024-09-19T05:11:14.547Z [info]: IP: Localhost - Country: 알 수 없음 - Method: GET - URL: /Company_introduction
2024-09-19T05:13:26.131Z [info]: IP: Localhost - Country: 알 수 없음 - Method: GET - URL: /Company_introduction
2024-09-20T05:28:02.435Z [info]: IP: Localhost - Country: 알 수 없음 - Method: GET - URL: /
2024-09-20T05:49:50.793Z [info]: IP: Localhost - Country: 알 수 없음 - Method: GET - URL: /
2024-09-20T05:50:01.844Z [info]: IP: Localhost - Country: 알 수 없음 - Method: GET - URL: /
2024-09-20T05:50:04.078Z [info]: IP: Localhost - Country: 알 수 없음 - Method: GET - URL: /Company_introduction
2024-09-20T05:58:44.868Z [info]: IP: ::1 - Country: 알 수 없음 - Method: GET - URL: /
2024-09-20T06:04:29.537Z [info]: IP: ::1 - Country: 알 수 없음 - Method: GET - URL: /
2024-09-20T07:02:53.714Z [info]: IP: ::1 - Country: 알 수 없음 - Method: GET - URL: /
2024-09-20T08:42:25.522Z [info]: IP: ::1 - Country: 알 수 없음 - Method: GET - URL: /
2024-09-21T00:00:12.226Z [info]: IP: ::1 - Country: 알 수 없음 - Method: GET - URL: /
2024-09-21T00:00:22.512Z [info]: IP: ::1 - Country: 알 수 없음 - Method: GET - URL: /
2024-09-21T00:02:02.272Z [info]: IP: ::1 - Country: 알 수 없음 - Method: GET - URL: /
2024-09-21T00:02:03.218Z [info]: IP: ::1 - Country: 알 수 없음 - Method: GET - URL: /
2024-09-21T00:02:04.205Z [info]: IP: ::1 - Country: 알 수 없음 - Method: GET - URL: /
2024-09-21T00:02:05.147Z [info]: IP: ::1 - Country: 알 수 없음 - Method: GET - URL: /
2024-09-21T00:02:20.903Z [info]: IP: ::1 - Country: 알 수 없음 - Method: GET - URL: /
2024-09-21T00:02:21.087Z [info]: IP: ::1 - Country: 알 수 없음 - Method: GET - URL: /
2024-09-21T00:02:21.279Z [info]: IP: ::1 - Country: 알 수 없음 - Method: GET - URL: /
2024-09-21T00:02:21.517Z [info]: IP: ::1 - Country: 알 수 없음 - Method: GET - URL: /
2024-09-21T00:13:13.996Z [info]: IP: ::1 - Country: 알 수 없음 - Method: GET - URL: /
2024-09-21T00:13:29.744Z [info]: IP: ::1 - Country: 알 수 없음 - Method: GET - URL: /
2024-09-21T00:44:25.448Z [info]: IP: ::1 - Country: 알 수 없음 - Method: GET - URL: /
2024-09-21T00:50:23.048Z [info]: IP: ::1 - Country: 알 수 없음 - Method: GET - URL: /
2024-09-21T00:51:57.316Z [info]: IP: ::1 - Country: 알 수 없음 - Method: GET - URL: /
2024-09-21T00:55:03.416Z [info]: IP: ::1 - Country: 알 수 없음 - Method: GET - URL: /
2024-09-21T01:02:51.699Z [info]: IP: ::1 - Country: 알 수 없음 - Method: GET - URL: /
2024-09-21T01:03:39.782Z [info]: IP: ::1 - Country: 알 수 없음 - Method: GET - URL: /
2024-09-21T01:04:12.974Z [info]: IP: ::1 - Country: 알 수 없음 - Method: GET - URL: /
2024-09-21T01:14:48.754Z [info]: IP: ::1 - Country: 알 수 없음 - Method: GET - URL: /
2024-09-21T01:16:33.016Z [info]: IP: ::1 - Country: 알 수 없음 - Method: GET - URL: /
2024-09-21T01:18:32.515Z [info]: IP: ::1 - Country: 알 수 없음 - Method: GET - URL: /
2024-09-21T01:18:42.727Z [info]: IP: ::1 - Country: 알 수 없음 - Method: GET - URL: /
2024-09-21T01:21:39.603Z [info]: IP: ::1 - Country: 알 수 없음 - Method: GET - URL: /
2024-09-21T01:21:48.141Z [info]: IP: ::1 - Country: 알 수 없음 - Method: GET - URL: /
2024-09-21T01:22:14.232Z [info]: IP: ::1 - Country: 알 수 없음 - Method: GET - URL: /
2024-09-21T01:22:22.334Z [info]: IP: ::1 - Country: 알 수 없음 - Method: GET - URL: /
2024-09-21T01:22:22.852Z [info]: IP: ::1 - Country: 알 수 없음 - Method: GET - URL: /
2024-09-21T01:22:23.053Z [info]: IP: ::1 - Country: 알 수 없음 - Method: GET - URL: /
2024-09-21T01:22:23.283Z [info]: IP: ::1 - Country: 알 수 없음 - Method: GET - URL: /
2024-09-21T01:22:23.449Z [info]: IP: ::1 - Country: 알 수 없음 - Method: GET - URL: /
2024-09-21T01:22:23.603Z [info]: IP: ::1 - Country: 알 수 없음 - Method: GET - URL: /
2024-09-21T01:22:23.801Z [info]: IP: ::1 - Country: 알 수 없음 - Method: GET - URL: /
2024-09-21T01:22:24.042Z [info]: IP: ::1 - Country: 알 수 없음 - Method: GET - URL: /
2024-09-21T01:24:04.402Z [info]: IP: ::1 - Country: 알 수 없음 - Method: GET - URL: /
2024-09-21T01:28:34.256Z [info]: IP: ::1 - Country: 알 수 없음 - Method: GET - URL: /
2024-09-21T01:30:12.756Z [info]: IP: ::1 - Country: 알 수 없음 - Method: GET - URL: /
2024-09-21T01:32:46.118Z [info]: IP: ::1 - Country: 알 수 없음 - Method: GET - URL: /
2024-09-21T01:37:35.915Z [info]: IP: ::1 - Country: 알 수 없음 - Method: GET - URL: /
2024-09-21T01:41:50.180Z [info]: IP: ::1 - Country: 알 수 없음 - Method: GET - URL: /
2024-09-21T02:42:54.096Z [info]: IP: ::1 - Country: 알 수 없음 - Method: GET - URL: /
2024-09-21T02:44:10.952Z [info]: IP: ::1 - Country: 알 수 없음 - Method: GET - URL: /
2024-09-21T02:47:14.449Z [info]: IP: ::1 - Country: 알 수 없음 - Method: GET - URL: /
2024-09-21T02:49:03.953Z [info]: IP: ::1 - Country: 알 수 없음 - Method: GET - URL: /
2024-09-21T03:26:18.082Z [info]: IP: ::1 - Country: 알 수 없음 - Method: GET - URL: /
2024-09-21T03:26:29.891Z [info]: IP: ::1 - Country: 알 수 없음 - Method: GET - URL: /
2024-09-21T03:55:28.545Z [info]: IP: ::1 - Country: 알 수 없음 - Method: GET - URL: /
2024-09-21T03:55:36.236Z [info]: IP: ::1 - Country: 알 수 없음 - Method: GET - URL: /
2024-09-21T03:55:56.743Z [info]: IP: ::1 - Country: 알 수 없음 - Method: GET - URL: /
2024-09-21T03:59:18.211Z [info]: IP: ::1 - Country: 알 수 없음 - Method: GET - URL: /
2024-09-21T04:13:20.465Z [info]: IP: ::1 - Country: 알 수 없음 - Method: GET - URL: /
2024-09-21T04:16:02.398Z [info]: IP: ::1 - Country: 알 수 없음 - Method: GET - URL: /
2024-09-21T04:16:42.830Z [info]: IP: ::1 - Country: 알 수 없음 - Method: GET - URL: /
2024-09-21T04:22:37.154Z [info]: IP: ::1 - Country: 알 수 없음 - Method: GET - URL: /
2024-09-21T04:25:55.893Z [info]: IP: ::1 - Country: 알 수 없음 - Method: GET - URL: /
2024-09-21T04:27:41.409Z [info]: IP: ::1 - Country: 알 수 없음 - Method: GET - URL: /
2024-09-21T04:49:10.145Z [info]: IP: ::1 - Country: 알 수 없음 - Method: GET - URL: /
2024-09-21T04:58:23.869Z [info]: IP: ::1 - Country: 알 수 없음 - Method: GET - URL: /
2024-09-21T05:00:23.896Z [info]: IP: ::1 - Country: 알 수 없음 - Method: GET - URL: /
2024-09-21T05:04:13.001Z [info]: IP: ::1 - Country: 알 수 없음 - Method: GET - URL: /
2024-09-21T05:07:38.060Z [info]: IP: ::1 - Country: 알 수 없음 - Method: GET - URL: /
2024-09-21T05:31:55.895Z [info]: IP: ::1 - Country: 알 수 없음 - Method: GET - URL: /
2024-09-21T05:35:27.471Z [info]: IP: ::1 - Country: 알 수 없음 - Method: GET - URL: /
2024-09-21T05:42:12.793Z [info]: IP: 10.188.136.90 - Country: 알 수 없음 - Method: GET - URL: /
2024-09-21T05:42:17.230Z [info]: IP: 10.188.136.90 - Country: 알 수 없음 - Method: GET - URL: /
2024-09-21T05:42:40.380Z [info]: IP: 10.188.136.90 - Country: 알 수 없음 - Method: GET - URL: /
2024-09-21T05:52:31.260Z [info]: IP: 10.188.139.246 - Country: 알 수 없음 - Method: GET - URL: /
2024-09-21T05:52:39.166Z [info]: IP: 10.188.139.246 - Country: 알 수 없음 - Method: GET - URL: /
2024-09-21T05:52:40.355Z [info]: IP: 10.188.139.246 - Country: 알 수 없음 - Method: GET - URL: /
2024-09-21T05:52:40.524Z [info]: IP: 10.188.139.246 - Country: 알 수 없음 - Method: GET - URL: /
2024-09-21T05:52:40.717Z [info]: IP: 10.188.139.246 - Country: 알 수 없음 - Method: GET - URL: /
2024-09-21T05:52:40.908Z [info]: IP: 10.188.139.246 - Country: 알 수 없음 - Method: GET - URL: /
2024-09-21T05:52:41.104Z [info]: IP: 10.188.139.246 - Country: 알 수 없음 - Method: GET - URL: /
2024-09-21T05:52:41.268Z [info]: IP: 10.188.139.246 - Country: 알 수 없음 - Method: GET - URL: /
2024-09-21T05:52:41.444Z [info]: IP: 10.188.139.246 - Country: 알 수 없음 - Method: GET - URL: /
2024-09-21T05:52:41.615Z [info]: IP: 10.188.139.246 - Country: 알 수 없음 - Method: GET - URL: /
2024-09-21T05:52:41.754Z [info]: IP: 10.188.139.246 - Country: 알 수 없음 - Method: GET - URL: /
2024-09-21T05:52:41.906Z [info]: IP: 10.188.139.246 - Country: 알 수 없음 - Method: GET - URL: /
2024-09-21T05:52:42.078Z [info]: IP: 10.188.139.246 - Country: 알 수 없음 - Method: GET - URL: /
2024-09-21T09:49:26.845Z [info]: IP: ::1 - Country: 알 수 없음 - Method: GET - URL: /
2024-09-23T00:07:10.664Z [info]: IP: ::1 - Country: 알 수 없음 - Method: GET - URL: /
2024-09-23T00:12:33.065Z [info]: IP: ::1 - Country: 알 수 없음 - Method: GET - URL: /
2024-09-23T00:15:13.097Z [info]: IP: ::1 - Country: 알 수 없음 - Method: GET - URL: /
2024-09-23T00:16:34.620Z [info]: IP: ::1 - Country: 알 수 없음 - Method: GET - URL: /
2024-09-23T00:18:23.379Z [info]: IP: ::1 - Country: 알 수 없음 - Method: GET - URL: /
2024-09-23T00:21:56.269Z [info]: IP: ::1 - Country: 알 수 없음 - Method: GET - URL: /
2024-09-23T01:21:20.621Z [info]: IP: ::1 - Country: 알 수 없음 - Method: GET - URL: /
2024-09-23T01:25:21.732Z [info]: IP: ::1 - Country: 알 수 없음 - Method: GET - URL: /
2024-09-23T01:25:37.722Z [info]: IP: ::1 - Country: 알 수 없음 - Method: GET - URL: /
2024-09-23T01:27:17.010Z [info]: IP: ::1 - Country: 알 수 없음 - Method: GET - URL: /
2024-09-23T01:27:17.820Z [info]: IP: ::1 - Country: 알 수 없음 - Method: GET - URL: /
2024-09-23T01:27:18.046Z [info]: IP: ::1 - Country: 알 수 없음 - Method: GET - URL: /
2024-09-23T01:27:18.419Z [info]: IP: ::1 - Country: 알 수 없음 - Method: GET - URL: /
2024-09-23T01:27:18.704Z [info]: IP: ::1 - Country: 알 수 없음 - Method: GET - URL: /
2024-09-23T01:27:29.895Z [info]: IP: ::1 - Country: 알 수 없음 - Method: GET - URL: /
2024-09-23T01:27:41.867Z [info]: IP: ::1 - Country: 알 수 없음 - Method: GET - URL: /
2024-09-23T01:27:47.313Z [info]: IP: ::1 - Country: 알 수 없음 - Method: GET - URL: /
2024-09-23T01:31:13.812Z [info]: IP: ::1 - Country: 알 수 없음 - Method: GET - URL: /
2024-09-23T01:31:33.300Z [info]: IP: ::1 - Country: 알 수 없음 - Method: GET - URL: /
2024-09-23T01:33:09.556Z [info]: IP: ::1 - Country: 알 수 없음 - Method: GET - URL: /
2024-09-23T01:34:37.289Z [info]: IP: ::1 - Country: 알 수 없음 - Method: GET - URL: /
2024-09-23T01:38:46.079Z [info]: IP: ::1 - Country: 알 수 없음 - Method: GET - URL: /
2024-09-23T01:42:37.248Z [info]: IP: ::1 - Country: 알 수 없음 - Method: GET - URL: /
2024-09-23T01:42:45.625Z [info]: IP: ::1 - Country: 알 수 없음 - Method: GET - URL: /
2024-09-23T02:01:05.004Z [info]: IP: ::1 - Country: 알 수 없음 - Method: GET - URL: /
2024-09-23T02:01:16.998Z [info]: IP: ::1 - Country: 알 수 없음 - Method: GET - URL: /
2024-09-23T02:03:52.186Z [info]: IP: ::1 - Country: 알 수 없음 - Method: GET - URL: /
2024-09-23T02:04:00.830Z [info]: IP: ::1 - Country: 알 수 없음 - Method: GET - URL: /
2024-09-23T02:04:14.694Z [info]: IP: ::1 - Country: 알 수 없음 - Method: GET - URL: /
2024-09-23T02:04:26.934Z [info]: IP: ::1 - Country: 알 수 없음 - Method: GET - URL: /
2024-09-23T02:04:42.837Z [info]: IP: ::1 - Country: 알 수 없음 - Method: GET - URL: /
2024-09-23T03:23:09.243Z [info]: IP: ::1 - Country: 알 수 없음 - Method: GET - URL: /
2024-09-23T03:23:16.838Z [info]: IP: ::1 - Country: 알 수 없음 - Method: GET - URL: /
2024-09-23T03:49:48.966Z [info]: IP: ::1 - Country: 알 수 없음 - Method: GET - URL: /
2024-09-23T04:03:11.614Z [info]: IP: ::1 - Country: 알 수 없음 - Method: GET - URL: /
2024-09-23T04:04:08.512Z [info]: IP: ::1 - Country: 알 수 없음 - Method: GET - URL: /
2024-09-23T08:05:59.153Z [info]: IP: ::1 - Country: 알 수 없음 - Method: GET - URL: /
2024-09-23T08:06:13.946Z [info]: IP: 127.0.0.1 - Country: 알 수 없음 - Method: GET - URL: /
2024-09-23T09:46:47.206Z [info]: IP: ::1 - Country: 알 수 없음 - Method: GET - URL: /
2024-09-23T09:46:47.948Z [info]: IP: ::1 - Country: 알 수 없음 - Method: GET - URL: /
2024-09-23T09:46:48.149Z [info]: IP: ::1 - Country: 알 수 없음 - Method: GET - URL: /
2024-09-23T09:46:48.286Z [info]: IP: ::1 - Country: 알 수 없음 - Method: GET - URL: /
2024-09-23T09:46:54.782Z [info]: IP: ::1 - Country: 알 수 없음 - Method: GET - URL: /
2024-09-23T09:47:13.136Z [info]: IP: ::1 - Country: 알 수 없음 - Method: GET - URL: /
2024-09-24T01:19:01.780Z [info]: IP: ::1 - Country: 알 수 없음 - Method: GET - URL: /
2024-09-24T01:19:02.716Z [info]: IP: ::1 - Country: 알 수 없음 - Method: GET - URL: /
2024-09-24T01:24:37.745Z [info]: IP: ::1 - Country: 알 수 없음 - Method: GET - URL: /
2024-09-24T01:26:09.186Z [info]: IP: ::1 - Country: 알 수 없음 - Method: GET - URL: /
2024-09-24T01:27:54.061Z [info]: IP: ::1 - Country: 알 수 없음 - Method: GET - URL: /
2024-09-24T01:28:18.936Z [info]: IP: ::1 - Country: 알 수 없음 - Method: GET - URL: /
2024-09-24T01:28:28.041Z [info]: IP: ::1 - Country: 알 수 없음 - Method: GET - URL: /
2024-09-24T01:36:31.372Z [info]: IP: ::1 - Country: 알 수 없음 - Method: GET - URL: /
2024-09-24T01:36:52.885Z [info]: IP: ::1 - Country: 알 수 없음 - Method: GET - URL: /
2024-09-24T04:29:11.950Z [info]: IP: ::1 - Country: 알 수 없음 - Method: GET - URL: /
2024-09-24T04:31:19.677Z [info]: IP: 10.188.136.243 - Country: 알 수 없음 - Method: GET - URL: /
2024-09-24T04:31:53.664Z [info]: IP: 10.188.136.90 - Country: 알 수 없음 - Method: GET - URL: /
2024-09-24T04:31:56.159Z [info]: IP: 10.188.136.90 - Country: 알 수 없음 - Method: GET - URL: /
2024-09-24T04:36:36.194Z [info]: IP: 10.188.136.90 - Country: 알 수 없음 - Method: GET - URL: /
2024-09-24T07:34:39.037Z [info]: IP: 10.188.137.188 - Country: 알 수 없음 - Method: GET - URL: /
2024-09-24T07:34:57.353Z [info]: IP: 10.188.137.188 - Country: 알 수 없음 - Method: GET - URL: /
2024-09-24T07:35:26.811Z [info]: IP: 10.188.137.188 - Country: 알 수 없음 - Method: GET - URL: /
2024-09-24T07:36:19.001Z [info]: IP: ::1 - Country: 알 수 없음 - Method: GET - URL: /
2024-09-24T10:16:20.765Z [info]: IP: ::1 - Country: 알 수 없음 - Method: GET - URL: /
2024-09-24T10:17:25.752Z [info]: IP: ::1 - Country: 알 수 없음 - Method: GET - URL: /
2024-09-26T00:01:18.948Z [info]: IP: ::1 - Country: 알 수 없음 - Method: GET - URL: /
2024-09-26T00:32:09.888Z [info]: IP: ::1 - Country: 알 수 없음 - Method: GET - URL: /
2024-09-26T00:32:10.672Z [info]: IP: ::1 - Country: 알 수 없음 - Method: GET - URL: /
2024-09-26T00:32:11.055Z [info]: IP: ::1 - Country: 알 수 없음 - Method: GET - URL: /
2024-09-26T00:32:11.292Z [info]: IP: ::1 - Country: 알 수 없음 - Method: GET - URL: /
2024-09-26T00:32:11.458Z [info]: IP: ::1 - Country: 알 수 없음 - Method: GET - URL: /
2024-09-26T00:51:21.017Z [info]: IP: ::1 - Country: 알 수 없음 - Method: GET - URL: /
2024-09-26T01:51:46.175Z [info]: IP: ::1 - Country: 알 수 없음 - Method: GET - URL: /
2024-09-26T03:27:08.943Z [info]: IP: ::1 - Country: 알 수 없음 - Method: GET - URL: /
2024-09-26T03:30:07.764Z [info]: IP: ::1 - Country: 알 수 없음 - Method: GET - URL: /
2024-09-26T03:31:29.008Z [info]: IP: ::1 - Country: 알 수 없음 - Method: GET - URL: /
2024-09-26T03:38:33.377Z [info]: IP: ::1 - Country: 알 수 없음 - Method: GET - URL: /
2024-09-26T03:39:59.823Z [info]: IP: ::1 - Country: 알 수 없음 - Method: GET - URL: /
2024-09-26T03:40:00.359Z [info]: IP: ::1 - Country: 알 수 없음 - Method: GET - URL: /
2024-09-26T03:40:00.575Z [info]: IP: ::1 - Country: 알 수 없음 - Method: GET - URL: /
2024-09-26T03:40:00.745Z [info]: IP: ::1 - Country: 알 수 없음 - Method: GET - URL: /
2024-09-26T03:40:19.264Z [info]: IP: ::1 - Country: 알 수 없음 - Method: GET - URL: /
2024-09-26T03:40:19.795Z [info]: IP: ::1 - Country: 알 수 없음 - Method: GET - URL: /
2024-09-26T03:40:19.987Z [info]: IP: ::1 - Country: 알 수 없음 - Method: GET - URL: /
2024-09-26T03:40:20.297Z [info]: IP: ::1 - Country: 알 수 없음 - Method: GET - URL: /
2024-09-26T03:40:20.466Z [info]: IP: ::1 - Country: 알 수 없음 - Method: GET - URL: /
2024-09-26T03:40:35.870Z [info]: IP: ::1 - Country: 알 수 없음 - Method: GET - URL: /
2024-09-26T03:40:36.062Z [info]: IP: ::1 - Country: 알 수 없음 - Method: GET - URL: /
2024-09-26T03:40:36.232Z [info]: IP: ::1 - Country: 알 수 없음 - Method: GET - URL: /
2024-09-26T03:40:36.379Z [info]: IP: ::1 - Country: 알 수 없음 - Method: GET - URL: /
2024-09-26T03:40:36.547Z [info]: IP: ::1 - Country: 알 수 없음 - Method: GET - URL: /
2024-09-26T03:40:36.694Z [info]: IP: ::1 - Country: 알 수 없음 - Method: GET - URL: /
2024-09-26T03:41:11.702Z [info]: IP: ::1 - Country: 알 수 없음 - Method: GET - URL: /
2024-09-26T03:41:11.915Z [info]: IP: ::1 - Country: 알 수 없음 - Method: GET - URL: /
2024-09-26T03:41:12.085Z [info]: IP: ::1 - Country: 알 수 없음 - Method: GET - URL: /
2024-09-26T03:41:12.256Z [info]: IP: ::1 - Country: 알 수 없음 - Method: GET - URL: /
2024-09-26T03:41:12.401Z [info]: IP: ::1 - Country: 알 수 없음 - Method: GET - URL: /
2024-09-26T03:41:12.597Z [info]: IP: ::1 - Country: 알 수 없음 - Method: GET - URL: /
2024-09-26T03:41:12.765Z [info]: IP: ::1 - Country: 알 수 없음 - Method: GET - URL: /
2024-09-26T03:41:26.850Z [info]: IP: ::1 - Country: 알 수 없음 - Method: GET - URL: /
2024-09-26T03:42:43.449Z [info]: IP: ::1 - Country: 알 수 없음 - Method: GET - URL: /
2024-09-26T03:44:44.701Z [info]: IP: ::1 - Country: 알 수 없음 - Method: GET - URL: /
2024-09-26T03:51:42.437Z [info]: IP: ::1 - Country: 알 수 없음 - Method: GET - URL: /
2024-09-26T04:33:03.114Z [info]: IP: ::1 - Country: 알 수 없음 - Method: GET - URL: /
2024-09-26T05:26:53.388Z [info]: IP: ::1 - Country: 알 수 없음 - Method: GET - URL: /
2024-09-26T05:27:24.426Z [info]: IP: ::1 - Country: 알 수 없음 - Method: GET - URL: /
2024-09-26T05:27:24.614Z [info]: IP: ::1 - Country: 알 수 없음 - Method: GET - URL: /
2024-09-26T05:27:24.832Z [info]: IP: ::1 - Country: 알 수 없음 - Method: GET - URL: /
2024-09-26T05:28:33.289Z [info]: IP: ::1 - Country: 알 수 없음 - Method: GET - URL: /
2024-09-26T05:29:37.659Z [info]: IP: ::1 - Country: 알 수 없음 - Method: GET - URL: /
2024-09-26T05:29:53.272Z [info]: IP: ::1 - Country: 알 수 없음 - Method: GET - URL: /
2024-09-30T10:02:10.701Z [info]: IP: ::1 - Country: 알 수 없음 - Method: GET - URL: /
2024-09-30T10:03:04.941Z [info]: IP: ::1 - Country: 알 수 없음 - Method: GET - URL: /
2024-09-30T10:03:05.182Z [info]: IP: ::1 - Country: 알 수 없음 - Method: GET - URL: /
2024-09-30T10:03:05.382Z [info]: IP: ::1 - Country: 알 수 없음 - Method: GET - URL: /
2024-09-30T10:03:05.522Z [info]: IP: ::1 - Country: 알 수 없음 - Method: GET - URL: /
2024-09-30T10:03:05.693Z [info]: IP: ::1 - Country: 알 수 없음 - Method: GET - URL: /
2024-09-30T10:03:24.446Z [info]: IP: ::1 - Country: 알 수 없음 - Method: GET - URL: /
2024-10-02T08:06:53.033Z [info]: IP: ::1 - Country: 알 수 없음 - Method: GET - URL: /
2024-10-02T08:07:45.657Z [info]: IP: ::1 - Country: 알 수 없음 - Method: GET - URL: /
2024-10-02T09:34:40.631Z [info]: IP: ::1 - Country: 알 수 없음 - Method: GET - URL: /
2024-10-02T09:34:41.995Z [info]: IP: ::1 - Country: 알 수 없음 - Method: GET - URL: /
2024-10-02T09:34:42.947Z [info]: IP: ::1 - Country: 알 수 없음 - Method: GET - URL: /
2024-10-02T09:34:44.014Z [info]: IP: ::1 - Country: 알 수 없음 - Method: GET - URL: /
2024-10-02T09:35:04.535Z [info]: IP: ::1 - Country: 알 수 없음 - Method: GET - URL: /
2024-10-02T09:35:05.045Z [info]: IP: ::1 - Country: 알 수 없음 - Method: GET - URL: /
2024-10-02T09:35:05.711Z [info]: IP: ::1 - Country: 알 수 없음 - Method: GET - URL: /
2024-10-02T09:35:06.593Z [info]: IP: ::1 - Country: 알 수 없음 - Method: GET - URL: /
2024-10-02T10:13:04.963Z [info]: IP: ::1 - Country: 알 수 없음 - Method: GET - URL: /
2024-10-02T10:13:07.568Z [info]: IP: ::1 - Country: 알 수 없음 - Method: GET - URL: /
2024-10-02T10:13:09.637Z [info]: IP: ::1 - Country: 알 수 없음 - Method: GET - URL: /
2024-10-02T10:13:13.074Z [info]: IP: ::1 - Country: 알 수 없음 - Method: GET - URL: /
2024-10-02T10:13:15.591Z [info]: IP: ::1 - Country: 알 수 없음 - Method: GET - URL: /
2024-10-02T10:13:18.180Z [info]: IP: ::1 - Country: 알 수 없음 - Method: GET - URL: /
2024-10-02T10:13:21.180Z [info]: IP: ::1 - Country: 알 수 없음 - Method: GET - URL: /
2024-10-02T10:13:40.340Z [info]: IP: ::1 - Country: 알 수 없음 - Method: GET - URL: /
2024-10-02T10:13:42.643Z [info]: IP: ::1 - Country: 알 수 없음 - Method: GET - URL: /
2024-10-02T10:15:18.297Z [info]: IP: ::1 - Country: 알 수 없음 - Method: GET - URL: /
2024-10-04T10:02:04.318Z [info]: IP: ::1 - Country: 알 수 없음 - Method: GET - URL: /
2024-10-04T10:03:56.917Z [info]: IP: ::1 - Country: 알 수 없음 - Method: GET - URL: /
2024-10-04T10:04:06.417Z [info]: IP: ::1 - Country: 알 수 없음 - Method: GET - URL: /
2024-10-04T10:10:57.416Z [info]: IP: ::1 - Country: 알 수 없음 - Method: GET - URL: /
2024-10-04T10:11:17.008Z [info]: IP: ::1 - Country: 알 수 없음 - Method: GET - URL: /
2024-10-04T10:15:01.638Z [info]: IP: ::1 - Country: 알 수 없음 - Method: GET - URL: /
2024-10-04T10:15:08.478Z [info]: IP: ::1 - Country: 알 수 없음 - Method: GET - URL: /
2024-10-04T10:15:49.015Z [info]: IP: ::1 - Country: 알 수 없음 - Method: GET - URL: /
2024-10-04T10:16:29.220Z [info]: IP: ::1 - Country: 알 수 없음 - Method: GET - URL: /
2024-10-04T10:16:37.169Z [info]: IP: ::1 - Country: 알 수 없음 - Method: GET - URL: /
2024-10-04T10:17:07.944Z [info]: IP: ::1 - Country: 알 수 없음 - Method: GET - URL: /
2024-10-04T10:17:16.155Z [info]: IP: ::1 - Country: 알 수 없음 - Method: GET - URL: /
2024-10-08T09:02:34.970Z [info]: IP: ::1 - Country: 알 수 없음 - Method: GET - URL: /
2024-10-08T09:02:52.045Z [info]: IP: ::1 - Country: 알 수 없음 - Method: GET - URL: /
2024-10-08T09:03:00.299Z [info]: IP: ::1 - Country: 알 수 없음 - Method: GET - URL: /
2024-10-08T09:03:00.748Z [info]: IP: ::1 - Country: 알 수 없음 - Method: GET - URL: /
2024-10-08T09:49:54.151Z [info]: IP: ::1 - Country: 알 수 없음 - Method: GET - URL: /
2024-10-08T10:00:55.202Z [info]: IP: ::1 - Country: 알 수 없음 - Method: GET - URL: /
2024-10-08T10:14:52.014Z [info]: IP: ::1 - Country: 알 수 없음 - Method: GET - URL: /
2024-10-08T10:26:07.285Z [info]: IP: ::1 - Country: 알 수 없음 - Method: GET - URL: /
2024-10-08T10:27:17.378Z [info]: IP: ::1 - Country: 알 수 없음 - Method: GET - URL: /
2024-10-10T06:54:05.549Z [info]: IP: ::1 - Country: 알 수 없음 - Method: GET - URL: /
2024-10-10T07:12:42.588Z [info]: IP: ::1 - Country: 알 수 없음 - Method: GET - URL: /
2024-10-10T07:32:48.911Z [info]: IP: ::1 - Country: 알 수 없음 - Method: GET - URL: /
2024-10-10T07:34:56.621Z [info]: IP: ::1 - Country: 알 수 없음 - Method: GET - URL: /
2024-10-10T07:37:20.578Z [info]: IP: ::1 - Country: 알 수 없음 - Method: GET - URL: /
2024-10-10T07:38:39.817Z [info]: IP: ::1 - Country: 알 수 없음 - Method: GET - URL: /
2024-10-10T07:38:59.284Z [info]: IP: ::1 - Country: 알 수 없음 - Method: GET - URL: /
2024-10-10T07:41:42.391Z [info]: IP: ::1 - Country: 알 수 없음 - Method: GET - URL: /
2024-10-10T07:55:49.721Z [info]: IP: ::1 - Country: 알 수 없음 - Method: GET - URL: /
2024-10-10T07:56:26.000Z [info]: IP: ::1 - Country: 알 수 없음 - Method: GET - URL: /
2024-10-10T07:56:55.180Z [info]: IP: ::1 - Country: 알 수 없음 - Method: GET - URL: /
2024-10-10T08:01:35.179Z [info]: IP: ::1 - Country: 알 수 없음 - Method: GET - URL: /
2024-10-10T08:28:23.127Z [info]: IP: ::1 - Country: 알 수 없음 - Method: GET - URL: /
2024-10-10T08:34:39.948Z [info]: IP: ::1 - Country: 알 수 없음 - Method: GET - URL: /
2024-10-10T09:16:09.051Z [info]: IP: ::1 - Country: 알 수 없음 - Method: GET - URL: /
2024-10-10T09:22:37.453Z [info]: IP: ::1 - Country: 알 수 없음 - Method: GET - URL: /
2024-10-10T09:22:46.769Z [info]: IP: ::1 - Country: 알 수 없음 - Method: GET - URL: /
2024-10-10T09:23:03.616Z [info]: IP: ::1 - Country: 알 수 없음 - Method: GET - URL: /
2024-10-10T09:26:21.544Z [info]: IP: ::1 - Country: 알 수 없음 - Method: GET - URL: /
2024-10-10T09:26:28.532Z [info]: IP: ::1 - Country: 알 수 없음 - Method: GET - URL: /
2024-10-10T09:51:30.600Z [info]: IP: ::1 - Country: 알 수 없음 - Method: GET - URL: /
2024-10-10T09:55:16.416Z [info]: IP: ::1 - Country: 알 수 없음 - Method: GET - URL: /
2024-10-10T10:21:49.665Z [info]: IP: ::1 - Country: 알 수 없음 - Method: GET - URL: /
2024-10-11T06:06:21.980Z [info]: IP: ::1 - Country: 알 수 없음 - Method: GET - URL: /
2024-10-11T07:11:52.961Z [info]: IP: ::1 - Country: 알 수 없음 - Method: GET - URL: /
2024-10-11T07:29:45.694Z [info]: IP: ::1 - Country: 알 수 없음 - Method: GET - URL: /
2024-10-11T07:34:57.319Z [info]: IP: ::1 - Country: 알 수 없음 - Method: GET - URL: /
2024-10-11T07:35:13.058Z [info]: IP: ::1 - Country: 알 수 없음 - Method: GET - URL: /
2024-10-11T07:36:26.157Z [info]: IP: ::1 - Country: 알 수 없음 - Method: GET - URL: /
2024-10-11T07:39:39.746Z [info]: IP: ::1 - Country: 알 수 없음 - Method: GET - URL: /
2024-10-11T23:22:30.058Z [info]: IP: ::1 - Country: 알 수 없음 - Method: GET - URL: /
2024-10-11T23:25:07.995Z [info]: IP: ::1 - Country: 알 수 없음 - Method: GET - URL: /
2024-10-11T23:27:49.143Z [info]: IP: ::1 - Country: 알 수 없음 - Method: GET - URL: /
2024-10-11T23:31:17.316Z [info]: IP: ::1 - Country: 알 수 없음 - Method: GET - URL: /
2024-10-11T23:31:19.119Z [info]: IP: ::1 - Country: 알 수 없음 - Method: GET - URL: /
2024-10-11T23:31:19.608Z [info]: IP: ::1 - Country: 알 수 없음 - Method: GET - URL: /
2024-10-11T23:31:20.016Z [info]: IP: ::1 - Country: 알 수 없음 - Method: GET - URL: /
2024-10-11T23:31:20.437Z [info]: IP: ::1 - Country: 알 수 없음 - Method: GET - URL: /
2024-10-11T23:32:39.360Z [info]: IP: ::1 - Country: 알 수 없음 - Method: GET - URL: /
2024-10-11T23:36:15.077Z [info]: IP: ::1 - Country: 알 수 없음 - Method: GET - URL: /
2024-10-11T23:40:55.549Z [info]: IP: ::1 - Country: 알 수 없음 - Method: GET - URL: /
2024-10-11T23:44:37.371Z [info]: IP: ::1 - Country: 알 수 없음 - Method: GET - URL: /
2024-10-12T00:02:42.703Z [info]: IP: ::1 - Country: 알 수 없음 - Method: GET - URL: /
2024-10-12T00:02:43.152Z [info]: IP: ::1 - Country: 알 수 없음 - Method: GET - URL: /
2024-10-12T00:02:43.319Z [info]: IP: ::1 - Country: 알 수 없음 - Method: GET - URL: /
2024-10-12T00:06:18.689Z [info]: IP: ::1 - Country: 알 수 없음 - Method: GET - URL: /
2024-10-12T00:12:46.323Z [info]: IP: ::1 - Country: 알 수 없음 - Method: GET - URL: /
2024-10-12T00:17:25.995Z [info]: IP: ::1 - Country: 알 수 없음 - Method: GET - URL: /
2024-10-12T00:18:55.330Z [info]: IP: ::1 - Country: 알 수 없음 - Method: GET - URL: /
2024-10-12T00:21:02.624Z [info]: IP: ::1 - Country: 알 수 없음 - Method: GET - URL: /
2024-10-12T00:22:56.122Z [info]: IP: ::1 - Country: 알 수 없음 - Method: GET - URL: /
2024-10-12T00:25:09.942Z [info]: IP: ::1 - Country: 알 수 없음 - Method: GET - URL: /
2024-10-12T00:27:24.305Z [info]: IP: ::1 - Country: 알 수 없음 - Method: GET - URL: /
2024-10-12T00:54:49.061Z [info]: IP: ::1 - Country: 알 수 없음 - Method: GET - URL: /
2024-10-12T00:55:02.482Z [info]: IP: ::1 - Country: 알 수 없음 - Method: GET - URL: /
2024-10-12T02:27:44.338Z [info]: IP: ::1 - Country: 알 수 없음 - Method: GET - URL: /
2024-10-12T07:48:49.520Z [info]: IP: ::1 - Country: 알 수 없음 - Method: GET - URL: /
